// Jest Snapshot v1, https://goo.gl/fbAQLP

exports[`server bind clipboard error 1`] = `
Array [
  Array [
    [Error: mock clipboard error],
  ],
]
`;

exports[`server getServer 1`] = `"Server"`;

exports[`server getServer https: cert/key 1`] = `"Server"`;

exports[`server getServer https: pass/pfx 1`] = `"Server"`;
